[html.bdevs.net/paradox_prev/paradox/index.html]
[backblue.gif]
[fade.gif]
[index.html]
[html.bdevs.net/paradox_prev/paradox/assets/images/logo/favourite_icon.svg]
[html.bdevs.net/paradox_prev/paradox/assets/css/bootstrap.min.css]
[html.bdevs.net/paradox_prev/paradox/assets/css/fontawesome-pro.css]
[html.bdevs.net/paradox_prev/paradox/assets/css/animate.css]
[html.bdevs.net/paradox_prev/paradox/assets/css/meanmenu.min.css]
[html.bdevs.net/paradox_prev/paradox/assets/css/cursor.css]
[html.bdevs.net/paradox_prev/paradox/assets/css/slick.css]
[html.bdevs.net/paradox_prev/paradox/assets/css/slick-theme.css]
[html.bdevs.net/paradox_prev/paradox/assets/css/magnific-popup.css]
[html.bdevs.net/paradox_prev/paradox/assets/css/nice-select.css]
[html.bdevs.net/paradox_prev/paradox/assets/css/odometer.css]
[html.bdevs.net/paradox_prev/paradox/assets/css/style.css]
[html.bdevs.net/paradox_prev/paradox/assets/images/logo/site_logo_white.svg]
[html.bdevs.net/paradox_prev/paradox/assets/images/logo/site_logo_dark.svg]
[html.bdevs.net/paradox_prev/paradox/personal_portfolio.html]
[html.bdevs.net/paradox_prev/paradox/startup_business.html]
[html.bdevs.net/paradox_prev/paradox/digital_agency.html]
[html.bdevs.net/paradox_prev/paradox/business_consulting.html]
[html.bdevs.net/paradox_prev/paradox/it_agency.html]
[html.bdevs.net/paradox_prev/paradox/index_rtl.html]
[html.bdevs.net/paradox_prev/paradox/personal_portfolio_rtl.html]
[html.bdevs.net/paradox_prev/paradox/startup_business_rtl.html]
[html.bdevs.net/paradox_prev/paradox/digital_agency_rtl.html]
[html.bdevs.net/paradox_prev/paradox/business_consulting_rtl.html]
[html.bdevs.net/paradox_prev/paradox/it_agency_rtl.html]
[html.bdevs.net/paradox_prev/paradox/blog.html]
[html.bdevs.net/paradox_prev/paradox/service.html]
[html.bdevs.net/paradox_prev/paradox/service_2.html]
[html.bdevs.net/paradox_prev/paradox/service_3.html]
[html.bdevs.net/paradox_prev/paradox/service_4.html]
[html.bdevs.net/paradox_prev/paradox/service_details.html]
[html.bdevs.net/paradox_prev/paradox/portfolio.html]
[html.bdevs.net/paradox_prev/paradox/portfolio_grid.html]
[html.bdevs.net/paradox_prev/paradox/portfolio_fullwidth.html]
[html.bdevs.net/paradox_prev/paradox/portfolio_masonry.html]
[html.bdevs.net/paradox_prev/paradox/portfolio_details.html]
[html.bdevs.net/paradox_prev/paradox/about.html]
[html.bdevs.net/paradox_prev/paradox/about_2.html]
[html.bdevs.net/paradox_prev/paradox/team.html]
[html.bdevs.net/paradox_prev/paradox/blog_classic.html]
[html.bdevs.net/paradox_prev/paradox/blog_left_sidebar.html]
[html.bdevs.net/paradox_prev/paradox/blog_right_sidebar.html]
[html.bdevs.net/paradox_prev/paradox/blog_details.html]
[html.bdevs.net/paradox_prev/paradox/testimonial.html]
[html.bdevs.net/paradox_prev/paradox/pricing.html]
[html.bdevs.net/paradox_prev/paradox/terms_conditions.html]
[html.bdevs.net/paradox_prev/paradox/policy_privacy.html]
[html.bdevs.net/paradox_prev/paradox/signin.html]
[html.bdevs.net/paradox_prev/paradox/signup.html]
[html.bdevs.net/paradox_prev/paradox/client_form.html]
[html.bdevs.net/paradox_prev/paradox/error.html]
[html.bdevs.net/paradox_prev/paradox/faq.html]
[html.bdevs.net/paradox_prev/paradox/contact.html]
[html.bdevs.net/paradox_prev/paradox/contact_2.html]
[html.bdevs.net/paradox_prev/paradox/comming_soon.html]
[html.bdevs.net/paradox_prev/paradox/assets/images/icons/icon_globe.svg]
[html.bdevs.net/paradox_prev/paradox/assets/images/banner/hero_banner_image_1.png]
[html.bdevs.net/paradox_prev/paradox/assets/images/shapes/shape_circle_half_1.svg]
[html.bdevs.net/paradox_prev/paradox/assets/images/shapes/shape_circle_2.svg]
[html.bdevs.net/paradox_prev/paradox/assets/images/shapes/shape_circle_half_2.svg]
[html.bdevs.net/paradox_prev/paradox/assets/images/shapes/shape_line.svg]
[html.bdevs.net/paradox_prev/paradox/assets/images/clients/client_logo_1.png]
[html.bdevs.net/paradox_prev/paradox/assets/images/clients/client_logo_2.png]
[html.bdevs.net/paradox_prev/paradox/assets/images/clients/client_logo_3.png]
[html.bdevs.net/paradox_prev/paradox/assets/images/clients/client_logo_4.png]
[html.bdevs.net/paradox_prev/paradox/assets/images/clients/client_logo_5.png]
[html.bdevs.net/paradox_prev/paradox/assets/images/about/about_image_1.png]
[html.bdevs.net/paradox_prev/paradox/assets/images/shapes/shape_circle_half_3.svg]
[html.bdevs.net/paradox_prev/paradox/assets/images/portfolio/portfolio_lfi_image_1.jpg]
[html.bdevs.net/paradox_prev/paradox/assets/images/portfolio/portfolio_lfi_image_2.jpg]
[html.bdevs.net/paradox_prev/paradox/assets/images/portfolio/portfolio_lfi_image_3.jpg]
[html.bdevs.net/paradox_prev/paradox/assets/images/portfolio/portfolio_lfi_image_4.jpg]
[html.bdevs.net/paradox_prev/paradox/assets/images/icons/icon_quote_white.svg]
[html.bdevs.net/paradox_prev/paradox/assets/images/meta/avatar_1.png]
[html.bdevs.net/paradox_prev/paradox/assets/images/meta/avatar_2.png]
[html.bdevs.net/paradox_prev/paradox/assets/images/meta/avatar_3.png]
[html.bdevs.net/paradox_prev/paradox/assets/images/blogs/blog_image_1.jpg]
[html.bdevs.net/paradox_prev/paradox/assets/images/meta/avatar_4.png]
[html.bdevs.net/paradox_prev/paradox/assets/images/icons/icon_arrow_down_right.svg]
[html.bdevs.net/paradox_prev/paradox/assets/images/icons/icon_arrow_down_right_primary.svg]
[html.bdevs.net/paradox_prev/paradox/assets/images/blogs/blog_image_2.jpg]
[html.bdevs.net/paradox_prev/paradox/assets/images/calltoaction/cta_image_1.png]
[html.bdevs.net/paradox_prev/paradox/assets/images/shapes/shape_circle_3.svg]
[html.bdevs.net/paradox_prev/paradox/assets/images/icons/icon_mapmark.svg]
[html.bdevs.net/cdn-cgi/scripts/5c5dd728/cloudflare-static/email-decode.min.js]
[html.bdevs.net/paradox_prev/paradox/assets/js/jquery.min.js]
[html.bdevs.net/paradox_prev/paradox/assets/js/bootstrap.bundle.min.js]
[html.bdevs.net/paradox_prev/paradox/assets/js/bootstrap-dropdown-ml-hack.js]
[html.bdevs.net/paradox_prev/paradox/assets/js/cursor.js]
[html.bdevs.net/paradox_prev/paradox/assets/js/wow.min.js]
[html.bdevs.net/paradox_prev/paradox/assets/js/tilt.min.js]
[html.bdevs.net/paradox_prev/paradox/assets/js/parallax.min.js]
[html.bdevs.net/paradox_prev/paradox/assets/js/parallax-scroll.js]
[html.bdevs.net/paradox_prev/paradox/assets/js/slick.min.js]
[html.bdevs.net/paradox_prev/paradox/assets/js/magnific-popup.min.js]
[html.bdevs.net/paradox_prev/paradox/assets/js/nice-select.min.js]
[html.bdevs.net/paradox_prev/paradox/assets/js/appear.js]
[html.bdevs.net/paradox_prev/paradox/assets/js/odometer.min.js]
[html.bdevs.net/paradox_prev/paradox/assets/js/isotope.pkgd.min.js]
[html.bdevs.net/paradox_prev/paradox/assets/js/meanmenu.min.js]
[html.bdevs.net/paradox_prev/paradox/assets/js/masonry.pkgd.min.js]
[html.bdevs.net/paradox_prev/paradox/assets/js/imagesloaded.pkgd.min.js]
[html.bdevs.net/paradox_prev/paradox/assets/js/countdown.js]
[html.bdevs.net/paradox_prev/paradox/assets/js/type.js]
[html.bdevs.net/paradox_prev/paradox/assets/js/setting.js]
[html.bdevs.net/paradox_prev/paradox/assets/js/main.js]
[html.bdevs.net/paradox_prev/paradox/index.html]
[html.bdevs.net/paradox_prev/paradox/assets/images/logo/favourite_icon.svg]
[html.bdevs.net/paradox_prev/paradox/assets/css/bootstrap.min.css]
[html.bdevs.net/paradox_prev/paradox/assets/fonts/fa-brands-400.woff2]
[html.bdevs.net/paradox_prev/paradox/assets/fonts/fa-duotone-900.woff2]
[html.bdevs.net/paradox_prev/paradox/assets/fonts/fa-light-300.woff2]
[html.bdevs.net/paradox_prev/paradox/assets/fonts/fa-brands-400.ttf]
[html.bdevs.net/paradox_prev/paradox/assets/fonts/fa-regular-400.woff2]
[html.bdevs.net/paradox_prev/paradox/assets/fonts/fa-solid-900.woff2]
[html.bdevs.net/paradox_prev/paradox/assets/fonts/fa-thin-100.woff2]
[html.bdevs.net/paradox_prev/paradox/assets/fonts/fa-solid-900.ttf]
[html.bdevs.net/paradox_prev/paradox/assets/fonts/fa-regular-400.ttf]
[html.bdevs.net/paradox_prev/paradox/assets/fonts/fa-v4compatibility.woff2]
[html.bdevs.net/paradox_prev/paradox/assets/css/fontawesome-pro.css]
[html.bdevs.net/paradox_prev/paradox/assets/css/animate.css]
[html.bdevs.net/paradox_prev/paradox/assets/css/meanmenu.min.css]
[html.bdevs.net/paradox_prev/paradox/assets/css/cursor.css]
[html.bdevs.net/paradox_prev/paradox/assets/css/slick.css]
[html.bdevs.net/paradox_prev/paradox/assets/fonts/fa-v4compatibility.ttf]
[html.bdevs.net/paradox_prev/paradox/assets/fonts/slick.eot]
[html.bdevs.net/paradox_prev/paradox/assets/fonts/slick.woff]
[html.bdevs.net/paradox_prev/paradox/assets/fonts/slickd41d.eot]
[html.bdevs.net/paradox_prev/paradox/assets/fonts/slick.ttf]
[html.bdevs.net/paradox_prev/paradox/assets/fonts/slick.svg]
[html.bdevs.net/paradox_prev/paradox/assets/css/slick-theme.css]
[html.bdevs.net/paradox_prev/paradox/assets/css/magnific-popup.css]
[html.bdevs.net/paradox_prev/paradox/assets/css/nice-select.css]
[html.bdevs.net/paradox_prev/paradox/assets/css/odometer.css]
[html.bdevs.net/paradox_prev/paradox/assets/images/shapes/shape_symbol_colon.svg]
[html.bdevs.net/paradox_prev/paradox/assets/images/shapes/shape_up_white.svg]
[html.bdevs.net/paradox_prev/paradox/assets/images/shapes/shape_line_2.svg]
[html.bdevs.net/paradox_prev/paradox/assets/images/icons/icon_arrow_up_right_white.svg]
[html.bdevs.net/paradox_prev/paradox/assets/images/shapes/badge_recomanded.png]
[html.bdevs.net/paradox_prev/paradox/assets/css/style.css]
[html.bdevs.net/paradox_prev/paradox/assets/images/logo/site_logo_white.svg]
[html.bdevs.net/paradox_prev/paradox/assets/images/logo/site_logo_dark.svg]
[html.bdevs.net/paradox_prev/paradox/assets/images/shapes/shape_down_white.svg]
[html.bdevs.net/paradox_prev/paradox/assets/images/logo/favourite_icon_2.svg]
[html.bdevs.net/paradox_prev/paradox/assets/images/logo/site_logo_white_3.svg]
[html.bdevs.net/paradox_prev/paradox/assets/images/logo/site_logo_dark_2.svg]
[html.bdevs.net/paradox_prev/paradox/assets/images/icons/icon_globe_2.svg]
[html.bdevs.net/paradox_prev/paradox/assets/images/shapes/shape_smiley_face.png]
[html.bdevs.net/paradox_prev/paradox/assets/images/banner/hero_banner_image_2.png]
[html.bdevs.net/paradox_prev/paradox/assets/images/shapes/shape_triangle.png]
[html.bdevs.net/paradox_prev/paradox/assets/images/shapes/shape_comment_2.png]
[html.bdevs.net/paradox_prev/paradox/assets/images/shapes/shape_trophy.png]
[html.bdevs.net/paradox_prev/paradox/assets/images/shapes/shape_box_1.png]
[html.bdevs.net/paradox_prev/paradox/assets/images/shapes/shape_box_2.png]
[html.bdevs.net/paradox_prev/paradox/assets/images/shapes/shape_box_3.png]
[html.bdevs.net/paradox_prev/paradox/assets/images/shapes/shape_circle_dashed_2.png]
[html.bdevs.net/paradox_prev/paradox/assets/images/icons/icon_gallery_2.png]
[html.bdevs.net/paradox_prev/paradox/assets/images/icons/icon_arrow_down_right_danger.svg]
[html.bdevs.net/paradox_prev/paradox/assets/images/icons/icon_browser_2.png]
[html.bdevs.net/paradox_prev/paradox/assets/images/portfolio/portfolio_item_details_image_4.jpg]
[html.bdevs.net/paradox_prev/paradox/assets/images/icons/icon_arrow_down_right_dark.svg]
[html.bdevs.net/paradox_prev/paradox/assets/images/portfolio/portfolio_item_details_image_6.jpg]
[html.bdevs.net/paradox_prev/paradox/assets/images/portfolio/portfolio_item_details_image_7.jpg]
[html.bdevs.net/paradox_prev/paradox/assets/fonts/fa-thin-100.ttf]
[html.bdevs.net/paradox_prev/paradox/assets/images/portfolio/portfolio_item_details_image_5.jpg]
[html.bdevs.net/paradox_prev/paradox/assets/images/icons/icon_quote_dark.svg]
[html.bdevs.net/paradox_prev/paradox/assets/images/shapes/funfact_bg.svg]
[html.bdevs.net/paradox_prev/paradox/assets/images/icons/icon_adobe_xd.png]
[html.bdevs.net/paradox_prev/paradox/assets/images/icons/icon_figma.png]
[html.bdevs.net/paradox_prev/paradox/assets/images/icons/icon_elementor.png]
[html.bdevs.net/paradox_prev/paradox/assets/images/icons/icon_laravel.png]
[html.bdevs.net/paradox_prev/paradox/assets/images/calltoaction/cta_image_2.png]
[html.bdevs.net/paradox_prev/paradox/assets/images/shapes/shape_circle_half_4.svg]
[html.bdevs.net/paradox_prev/paradox/assets/images/shapes/shape_circle_5.svg]
[html.bdevs.net/paradox_prev/paradox/assets/images/shapes/shape_circle_dashed_3.png]
[html.bdevs.net/paradox_prev/paradox/personal_portfolio.html]
[html.bdevs.net/paradox_prev/paradox/assets/images/logo/favourite_icon_3.svg]
[html.bdevs.net/paradox_prev/paradox/assets/images/logo/site_logo_white_2.svg]
[html.bdevs.net/paradox_prev/paradox/assets/images/icons/icon_globe_3.svg]
[html.bdevs.net/paradox_prev/paradox/assets/images/banner/hero_banner_image_3.png]
[html.bdevs.net/paradox_prev/paradox/assets/images/shapes/shape_star_smooth.svg]
[html.bdevs.net/paradox_prev/paradox/assets/images/icons/icon_gallery.png]
[html.bdevs.net/paradox_prev/paradox/assets/images/icons/icon_browser.png]
[html.bdevs.net/paradox_prev/paradox/assets/images/icons/icon_marketing.png]
[html.bdevs.net/paradox_prev/paradox/assets/images/icons/icon_comment.png]
[html.bdevs.net/paradox_prev/paradox/assets/images/shapes/shape_circle_6.svg]
[html.bdevs.net/paradox_prev/paradox/assets/images/about/about_image_3.png]
[html.bdevs.net/paradox_prev/paradox/assets/images/team/team_admin_image_1.png]
[html.bdevs.net/paradox_prev/paradox/assets/images/team/team_admin_image_2.png]
[html.bdevs.net/paradox_prev/paradox/assets/images/team/team_admin_image_3.png]
[html.bdevs.net/paradox_prev/paradox/assets/images/team/team_admin_image_4.png]
[html.bdevs.net/paradox_prev/paradox/assets/images/about/about_image_4.png]
[html.bdevs.net/paradox_prev/paradox/assets/images/blogs/blog_image_5.jpg]
[html.bdevs.net/paradox_prev/paradox/assets/images/blogs/blog_image_4.jpg]
[html.bdevs.net/paradox_prev/paradox/assets/images/blogs/blog_image_12.jpg]
[html.bdevs.net/paradox_prev/paradox/assets/images/calltoaction/cta_image_3.png]
[html.bdevs.net/paradox_prev/paradox/assets/images/flag/flag_denmark.png]
[html.bdevs.net/paradox_prev/paradox/assets/images/flag/flag_usa.png]
[html.bdevs.net/paradox_prev/paradox/assets/images/flag/flag_romania.png]
[html.bdevs.net/paradox_prev/paradox/assets/images/flag/flag_uk.png]
[html.bdevs.net/paradox_prev/paradox/assets/images/shapes/vactor_map.svg]
[html.bdevs.net/paradox_prev/paradox/startup_business.html]
[html.bdevs.net/paradox_prev/paradox/assets/images/banner/shape_banner_1.svg]
[html.bdevs.net/paradox_prev/paradox/assets/images/shapes/shape_10.svg]
[html.bdevs.net/paradox_prev/paradox/assets/images/banner/hero_banner_image_4.png]
[html.bdevs.net/paradox_prev/paradox/assets/images/shapes/shape_triangle_1.svg]
[html.bdevs.net/paradox_prev/paradox/assets/images/shapes/shape_triangle_2.svg]
[html.bdevs.net/paradox_prev/paradox/assets/images/banner/banner_avatar_img_1.png]
[html.bdevs.net/paradox_prev/paradox/assets/images/banner/banner_avatar_img_2.png]
[html.bdevs.net/paradox_prev/paradox/assets/images/banner/banner_avatar_img_3.png]
[html.bdevs.net/paradox_prev/paradox/assets/images/shapes/shape_hand.png]
[html.bdevs.net/paradox_prev/paradox/assets/images/icons/icon_development.svg]
[html.bdevs.net/paradox_prev/paradox/assets/images/icons/icon_flexibility.svg]
[html.bdevs.net/paradox_prev/paradox/assets/images/icons/icon_design.svg]
[html.bdevs.net/paradox_prev/paradox/assets/images/icons/icon_maintenance.svg]
[html.bdevs.net/paradox_prev/paradox/assets/images/calltoaction/cta_image_4.png]
[html.bdevs.net/paradox_prev/paradox/assets/images/shapes/shape_2.svg]
[html.bdevs.net/paradox_prev/paradox/assets/images/shapes/shape_3.svg]
[html.bdevs.net/paradox_prev/paradox/digital_agency.html]
[html.bdevs.net/paradox_prev/paradox/assets/images/banner/hero_banner_image_5.png]
[html.bdevs.net/paradox_prev/paradox/assets/images/banner/hero_banner_image_6.png]
[html.bdevs.net/paradox_prev/paradox/assets/images/shapes/shape_5.svg]
[html.bdevs.net/paradox_prev/paradox/assets/images/shapes/shape_4.svg]
[html.bdevs.net/paradox_prev/paradox/assets/images/shapes/shape_circle_7.svg]
[html.bdevs.net/paradox_prev/paradox/assets/images/about/about_image_5.jpg]
[html.bdevs.net/paradox_prev/paradox/assets/images/about/about_image_6.jpg]
[html.bdevs.net/paradox_prev/paradox/assets/images/about/about_image_7.jpg]
[html.bdevs.net/paradox_prev/paradox/assets/images/about/about_image_8.jpg]
[html.bdevs.net/paradox_prev/paradox/assets/images/icons/icon_arrow_down_right_white.svg]
[html.bdevs.net/paradox_prev/paradox/assets/images/shapes/shape_line_3.svg]
[html.bdevs.net/paradox_prev/paradox/assets/images/about/about_image_9.jpg]
[html.bdevs.net/paradox_prev/paradox/assets/images/shapes/shape_6.svg]
[html.bdevs.net/paradox_prev/paradox/assets/images/about/about_image_10.jpg]
[html.bdevs.net/paradox_prev/paradox/assets/images/icons/icon_users.svg]
[html.bdevs.net/paradox_prev/paradox/assets/images/icons/icon_love_handshake.svg]
[html.bdevs.net/paradox_prev/paradox/assets/images/portfolio/portfolio_lfi_image_29.jpg]
[html.bdevs.net/paradox_prev/paradox/assets/images/portfolio/portfolio_lfi_image_24.jpg]
[html.bdevs.net/paradox_prev/paradox/assets/images/portfolio/portfolio_lfi_image_30.jpg]
[html.bdevs.net/paradox_prev/paradox/assets/images/portfolio/portfolio_lfi_image_31.jpg]
[html.bdevs.net/paradox_prev/paradox/assets/images/team/team_admin_image_9.jpg]
[html.bdevs.net/paradox_prev/paradox/assets/images/team/team_admin_image_10.jpg]
[html.bdevs.net/paradox_prev/paradox/assets/images/team/team_admin_image_11.jpg]
[html.bdevs.net/paradox_prev/paradox/assets/images/team/team_admin_image_12.jpg]
[html.bdevs.net/paradox_prev/paradox/assets/images/video/video_poster_image_2.jpg]
[html.bdevs.net/paradox_prev/paradox/assets/images/calltoaction/cta_image_5.png]
[html.bdevs.net/paradox_prev/paradox/business_consulting.html]
[html.bdevs.net/paradox_prev/paradox/assets/images/banner/hero_banner_image_7.png]
[html.bdevs.net/paradox_prev/paradox/assets/images/banner/shape_banner_2.svg]
[html.bdevs.net/paradox_prev/paradox/assets/images/banner/shape_banner_3.svg]
[html.bdevs.net/paradox_prev/paradox/assets/images/shapes/shape_close_icon.png]
[html.bdevs.net/paradox_prev/paradox/assets/images/shapes/shape_circle_1.svg]
[html.bdevs.net/paradox_prev/paradox/assets/images/shapes/shape_7.svg]
[html.bdevs.net/paradox_prev/paradox/assets/images/shapes/shape_color_1.svg]
[html.bdevs.net/paradox_prev/paradox/assets/images/icons/icon_code_5.svg]
[html.bdevs.net/paradox_prev/paradox/assets/images/icons/icon_arrow_down_right_dark_2.svg]
[html.bdevs.net/paradox_prev/paradox/assets/images/shapes/shape_color_2.svg]
[html.bdevs.net/paradox_prev/paradox/assets/images/icons/icon_house_2.svg]
[html.bdevs.net/paradox_prev/paradox/assets/images/shapes/shape_color_3.svg]
[html.bdevs.net/paradox_prev/paradox/assets/images/icons/icon_grid_2.svg]
[html.bdevs.net/paradox_prev/paradox/assets/images/shapes/shape_color_4.svg]
[html.bdevs.net/paradox_prev/paradox/assets/images/icons/icon_speaker.svg]
[html.bdevs.net/paradox_prev/paradox/assets/images/shapes/shape_color_5.svg]
[html.bdevs.net/paradox_prev/paradox/assets/images/icons/icon_camera_2.svg]
[html.bdevs.net/paradox_prev/paradox/assets/images/shapes/shape_color_6.svg]
[html.bdevs.net/paradox_prev/paradox/assets/images/icons/icon_code_4.svg]
[html.bdevs.net/paradox_prev/paradox/assets/images/shapes/shape_color_7.svg]
[html.bdevs.net/paradox_prev/paradox/assets/images/icons/icon_idea_3.svg]
[html.bdevs.net/paradox_prev/paradox/assets/images/shapes/shape_color_8.svg]
[html.bdevs.net/paradox_prev/paradox/assets/images/icons/icon_cog.svg]
[html.bdevs.net/paradox_prev/paradox/assets/images/shapes/shape_text_our_client.svg]
[html.bdevs.net/paradox_prev/paradox/assets/images/clients/client_logo_6.png]
[html.bdevs.net/paradox_prev/paradox/assets/images/clients/client_logo_7.png]
[html.bdevs.net/paradox_prev/paradox/assets/images/clients/client_logo_8.png]
[html.bdevs.net/paradox_prev/paradox/assets/images/clients/client_logo_9.png]
[html.bdevs.net/paradox_prev/paradox/assets/images/clients/client_logo_10.png]
[html.bdevs.net/paradox_prev/paradox/assets/images/about/about_image_11.png]
[html.bdevs.net/paradox_prev/paradox/assets/images/icons/icon_eye_primary.svg]
[html.bdevs.net/paradox_prev/paradox/assets/images/icons/icon_dart_board_primary.svg]
[html.bdevs.net/paradox_prev/paradox/assets/images/shapes/shape_line_flow.svg]
[html.bdevs.net/paradox_prev/paradox/assets/images/shapes/shape_8.svg]
[html.bdevs.net/paradox_prev/paradox/assets/images/portfolio/portfolio_lfi_image_25.jpg]
[html.bdevs.net/paradox_prev/paradox/assets/images/portfolio/portfolio_lfi_image_26.jpg]
[html.bdevs.net/paradox_prev/paradox/assets/images/portfolio/portfolio_lfi_image_27.jpg]
[html.bdevs.net/paradox_prev/paradox/assets/images/portfolio/portfolio_lfi_image_28.jpg]
[html.bdevs.net/paradox_prev/paradox/assets/images/icons/icon_team_white.svg]
[html.bdevs.net/paradox_prev/paradox/assets/images/icons/icon_comment_white.svg]
[html.bdevs.net/paradox_prev/paradox/assets/images/icons/icon_medal_white.svg]
[html.bdevs.net/paradox_prev/paradox/assets/images/shapes/shape_circle_dashed_1.svg]
[html.bdevs.net/paradox_prev/paradox/assets/images/shapes/shape_9.svg]
[html.bdevs.net/paradox_prev/paradox/it_agency.html]
[html.bdevs.net/paradox_prev/paradox/assets/css/bootstrap.rtl.min.css]
[html.bdevs.net/paradox_prev/paradox/index_rtl.html]
[html.bdevs.net/paradox_prev/paradox/personal_portfolio_rtl.html]
[html.bdevs.net/paradox_prev/paradox/startup_business_rtl.html]
[html.bdevs.net/paradox_prev/paradox/digital_agency_rtl.html]
[html.bdevs.net/paradox_prev/paradox/business_consulting_rtl.html]
[html.bdevs.net/paradox_prev/paradox/it_agency_rtl.html]
[html.bdevs.net/paradox_prev/paradox/assets/images/shapes/shape_1.svg]
[html.bdevs.net/paradox_prev/paradox/assets/images/blogs/blog_image_3.jpg]
[html.bdevs.net/paradox_prev/paradox/assets/images/blogs/blog_image_6.jpg]
[html.bdevs.net/paradox_prev/paradox/assets/images/blogs/blog_image_7.jpg]
[html.bdevs.net/paradox_prev/paradox/assets/images/blogs/blog_image_8.jpg]
[html.bdevs.net/paradox_prev/paradox/assets/images/blogs/blog_image_9.jpg]
[html.bdevs.net/paradox_prev/paradox/assets/images/blogs/blog_image_10.jpg]
[html.bdevs.net/paradox_prev/paradox/assets/images/blogs/blog_image_11.jpg]
[html.bdevs.net/paradox_prev/paradox/blog.html]
[html.bdevs.net/paradox_prev/paradox/service.html]
[html.bdevs.net/paradox_prev/paradox/service_2.html]
[html.bdevs.net/paradox_prev/paradox/service_3.html]
[html.bdevs.net/paradox_prev/paradox/service_4.html]
[html.bdevs.net/paradox_prev/paradox/assets/images/video/service_details_video_poster.jpg]
[html.bdevs.net/paradox_prev/paradox/assets/images/icons/icon_care_primary.svg]
[html.bdevs.net/paradox_prev/paradox/assets/images/icons/icon_together_primary.svg]
[html.bdevs.net/paradox_prev/paradox/assets/images/icons/icon_communication_primary.svg]
[html.bdevs.net/paradox_prev/paradox/assets/images/icons/icon_teaching_primary.svg]
[html.bdevs.net/paradox_prev/paradox/service_details.html]
[html.bdevs.net/paradox_prev/paradox/assets/images/portfolio/portfolio_lfi_image_5.jpg]
[html.bdevs.net/paradox_prev/paradox/assets/images/portfolio/portfolio_lfi_image_6.jpg]
[html.bdevs.net/paradox_prev/paradox/assets/images/portfolio/portfolio_lfi_image_7.jpg]
[html.bdevs.net/paradox_prev/paradox/portfolio.html]
[html.bdevs.net/paradox_prev/paradox/portfolio_grid.html]
[html.bdevs.net/paradox_prev/paradox/assets/images/portfolio/portfolio_lfi_image_10.jpg]
[html.bdevs.net/paradox_prev/paradox/assets/images/portfolio/portfolio_lfi_image_11.jpg]
[html.bdevs.net/paradox_prev/paradox/assets/images/portfolio/portfolio_lfi_image_12.jpg]
[html.bdevs.net/paradox_prev/paradox/assets/images/portfolio/portfolio_lfi_image_13.jpg]
[html.bdevs.net/paradox_prev/paradox/assets/images/portfolio/portfolio_lfi_image_14.jpg]
[html.bdevs.net/paradox_prev/paradox/assets/images/portfolio/portfolio_lfi_image_15.jpg]
[html.bdevs.net/paradox_prev/paradox/portfolio_fullwidth.html]
[html.bdevs.net/paradox_prev/paradox/assets/images/portfolio/portfolio_lfi_image_16.jpg]
[html.bdevs.net/paradox_prev/paradox/assets/images/portfolio/portfolio_lfi_image_17.jpg]
[html.bdevs.net/paradox_prev/paradox/assets/images/portfolio/portfolio_lfi_image_18.jpg]
[html.bdevs.net/paradox_prev/paradox/assets/images/portfolio/portfolio_lfi_image_19.jpg]
[html.bdevs.net/paradox_prev/paradox/assets/images/portfolio/portfolio_lfi_image_20.jpg]
[html.bdevs.net/paradox_prev/paradox/assets/images/portfolio/portfolio_lfi_image_23.jpg]
[html.bdevs.net/paradox_prev/paradox/assets/images/portfolio/portfolio_lfi_image_21.jpg]
[html.bdevs.net/paradox_prev/paradox/assets/images/portfolio/portfolio_lfi_image_22.jpg]
[html.bdevs.net/paradox_prev/paradox/portfolio_masonry.html]
[html.bdevs.net/paradox_prev/paradox/assets/images/portfolio/portfolio_item_details_image.jpg]
[html.bdevs.net/paradox_prev/paradox/assets/images/portfolio/portfolio_item_details_image_2.jpg]
[html.bdevs.net/paradox_prev/paradox/assets/images/portfolio/portfolio_item_details_image_3.jpg]
[html.bdevs.net/paradox_prev/paradox/assets/images/icons/icon_arrow_down_left_dark.svg]
[html.bdevs.net/paradox_prev/paradox/assets/images/icons/icon_arrow_left_primary.svg]
[html.bdevs.net/paradox_prev/paradox/portfolio_details.html]
[html.bdevs.net/paradox_prev/paradox/assets/images/icons/icon_arrow_right_primary.svg]
[html.bdevs.net/paradox_prev/paradox/assets/images/video/video_poster_image_1.jpg]
[html.bdevs.net/paradox_prev/paradox/assets/images/icons/icon_eye_white.svg]
[html.bdevs.net/paradox_prev/paradox/assets/images/icons/icon_dart_board_white.svg]
[html.bdevs.net/paradox_prev/paradox/about.html]
[html.bdevs.net/paradox_prev/paradox/assets/images/about/about_image_2.jpg]
[html.bdevs.net/paradox_prev/paradox/about_2.html]
[html.bdevs.net/paradox_prev/paradox/assets/images/team/team_admin_image_5.png]
[html.bdevs.net/paradox_prev/paradox/assets/images/team/team_admin_image_6.png]
[html.bdevs.net/paradox_prev/paradox/assets/images/team/team_admin_image_7.png]
[html.bdevs.net/paradox_prev/paradox/assets/images/team/team_admin_image_8.png]
[html.bdevs.net/paradox_prev/paradox/team.html]
[html.bdevs.net/paradox_prev/paradox/assets/images/blogs/blog_classic_image_1.jpg]
[html.bdevs.net/paradox_prev/paradox/assets/images/blogs/blog_classic_image_2.jpg]
[html.bdevs.net/paradox_prev/paradox/assets/images/blogs/blog_classic_image_3.jpg]
[html.bdevs.net/paradox_prev/paradox/assets/images/icons/icon_search_white.svg]
[html.bdevs.net/paradox_prev/paradox/assets/images/blogs/recent_post_image_1.jpg]
[html.bdevs.net/paradox_prev/paradox/assets/images/blogs/recent_post_image_2.jpg]
[html.bdevs.net/paradox_prev/paradox/assets/images/blogs/recent_post_image_3.jpg]
[html.bdevs.net/paradox_prev/paradox/blog_classic.html]
[html.bdevs.net/paradox_prev/paradox/blog_left_sidebar.html]
[html.bdevs.net/paradox_prev/paradox/blog_right_sidebar.html]
[html.bdevs.net/paradox_prev/paradox/assets/images/blogs/blog_details_image_1.jpg]
[html.bdevs.net/paradox_prev/paradox/assets/images/blogs/blog_details_image_2.jpg]
[html.bdevs.net/paradox_prev/paradox/assets/images/blogs/blog_details_image_3.jpg]
[html.bdevs.net/paradox_prev/paradox/assets/images/meta/avatar_5.png]
[html.bdevs.net/paradox_prev/paradox/blog_details.html]
[html.bdevs.net/paradox_prev/paradox/assets/images/icons/icon_quote_primary.svg]
[html.bdevs.net/paradox_prev/paradox/testimonial.html]
[html.bdevs.net/paradox_prev/paradox/assets/images/shapes/shape_dots_BG.png]
[html.bdevs.net/paradox_prev/paradox/pricing.html]
[html.bdevs.net/paradox_prev/paradox/terms_conditions.html]
[html.bdevs.net/paradox_prev/paradox/policy_privacy.html]
[html.bdevs.net/paradox_prev/paradox/assets/images/banner/register_banner_image_1.png]
[html.bdevs.net/paradox_prev/paradox/signin.html]
[html.bdevs.net/paradox_prev/paradox/signup.html]
[html.bdevs.net/paradox_prev/paradox/client_form.html]
[html.bdevs.net/paradox_prev/paradox/assets/images/bg/error.png]
[html.bdevs.net/paradox_prev/paradox/error.html]
[html.bdevs.net/paradox_prev/paradox/faq.html]
[html.bdevs.net/paradox_prev/paradox/contact.html]
[html.bdevs.net/paradox_prev/paradox/assets/images/shapes/shape_comment.png]
[html.bdevs.net/paradox_prev/paradox/assets/images/shapes/shape_man_1.png]
[html.bdevs.net/paradox_prev/paradox/contact_2.html]
[html.bdevs.net/paradox_prev/paradox/comming_soon.html]
[html.bdevs.net/paradox_prev/paradox/assets/images/icons/icon_globe.svg]
[html.bdevs.net/paradox_prev/paradox/assets/images/shapes/shape_circle_half_1.svg]
[html.bdevs.net/paradox_prev/paradox/assets/images/shapes/shape_circle_2.svg]
[html.bdevs.net/paradox_prev/paradox/assets/images/shapes/shape_circle_half_2.svg]
[html.bdevs.net/paradox_prev/paradox/assets/images/shapes/shape_line.svg]
[html.bdevs.net/paradox_prev/paradox/assets/images/shapes/shape_circle_half_3.svg]
[html.bdevs.net/paradox_prev/paradox/assets/images/icons/icon_quote_white.svg]
[html.bdevs.net/paradox_prev/paradox/assets/images/icons/icon_arrow_down_right.svg]
[html.bdevs.net/paradox_prev/paradox/assets/images/icons/icon_arrow_down_right_primary.svg]
[html.bdevs.net/paradox_prev/paradox/assets/images/shapes/shape_circle_3.svg]
[html.bdevs.net/paradox_prev/paradox/assets/images/icons/icon_mapmark.svg]
[html.bdevs.net/paradox_prev/paradox/assets/js/jquery.min.js]
[html.bdevs.net/paradox_prev/paradox/assets/js/bootstrap.bundle.min.js]
[html.bdevs.net/paradox_prev/paradox/assets/js/bootstrap-dropdown-ml-hack.js]
[html.bdevs.net/paradox_prev/paradox/src/js/index.js]
[html.bdevs.net/paradox_prev/paradox/node_modules/gsap/gsap-core.js]
[html.bdevs.net/paradox_prev/paradox/node_modules/gsap/CSSPlugin.js]
[html.bdevs.net/paradox_prev/paradox/true/index.html]
[html.bdevs.net/paradox_prev/paradox/node_modules/jquery/dist/jquery.151.delayed]
[html.bdevs.net/paradox_prev/paradox/node_modules/gsap/index.js]
[html.bdevs.net/paradox_prev/paradox/src/js/cursor.js]
[html.bdevs.net/paradox_prev/paradox/magnetic.js]
[html.bdevs.net/paradox_prev/paradox/assets/js/cursor.js]
[html.bdevs.net/paradox_prev/paradox/assets/js/wow.min.js]
[html.bdevs.net/paradox_prev/paradox/assets/js/tilt.min.js]
[html.bdevs.net/paradox_prev/paradox/assets/js/parallax.min.js]
[html.bdevs.net/paradox_prev/paradox/assets/js/parallax-scroll.js]
[html.bdevs.net/paradox_prev/paradox/assets/js/slick.min.js]
[html.bdevs.net/paradox_prev/paradox/assets/js/magnific-popup.min.js]
[html.bdevs.net/paradox_prev/paradox/assets/js/nice-select.min.js]
[html.bdevs.net/paradox_prev/paradox/assets/js/appear.js]
[html.bdevs.net/paradox_prev/paradox/assets/js/odometer.min.js]
[html.bdevs.net/paradox_prev/paradox/assets/js/isotope.pkgd.min.js]
[html.bdevs.net/paradox_prev/paradox/assets/js/meanmenu.min.js]
[html.bdevs.net/paradox_prev/paradox/assets/js/masonry.pkgd.min.js]
[html.bdevs.net/paradox_prev/paradox/assets/js/imagesloaded.pkgd.min.js]
[html.bdevs.net/paradox_prev/paradox/assets/js/countdown.js]
[html.bdevs.net/paradox_prev/paradox/assets/js/type.js]
[html.bdevs.net/paradox_prev/paradox/assets/js/setting.js]
[html.bdevs.net/paradox_prev/paradox/assets/js/main.js]
[html.bdevs.net/paradox_prev/paradox/assets/fonts/slick.svg]
[html.bdevs.net/paradox_prev/paradox/assets/images/shapes/shape_symbol_colon.svg]
[html.bdevs.net/paradox_prev/paradox/assets/images/shapes/shape_up_white.svg]
[html.bdevs.net/paradox_prev/paradox/assets/images/shapes/shape_line_2.svg]
[html.bdevs.net/paradox_prev/paradox/assets/fonts/fa-light-300.woff2]
[html.bdevs.net/paradox_prev/paradox/assets/images/icons/icon_arrow_up_right_white.svg]
[html.bdevs.net/paradox_prev/paradox/assets/images/shapes/shape_down_white.svg]
[html.bdevs.net/paradox_prev/paradox/assets/images/logo/favourite_icon_2.svg]
[html.bdevs.net/paradox_prev/paradox/assets/images/logo/site_logo_white_3.svg]
[html.bdevs.net/paradox_prev/paradox/assets/images/logo/site_logo_dark_2.svg]
[html.bdevs.net/paradox_prev/paradox/assets/images/icons/icon_globe_2.svg]
[html.bdevs.net/paradox_prev/paradox/assets/images/icons/icon_arrow_down_right_danger.svg]
[html.bdevs.net/paradox_prev/paradox/assets/images/icons/icon_arrow_down_right_dark.svg]
[html.bdevs.net/paradox_prev/paradox/assets/images/icons/icon_quote_dark.svg]
[html.bdevs.net/paradox_prev/paradox/assets/images/shapes/funfact_bg.svg]
[html.bdevs.net/paradox_prev/paradox/assets/images/shapes/shape_circle_half_4.svg]
[html.bdevs.net/paradox_prev/paradox/assets/images/shapes/shape_circle_5.svg]
[html.bdevs.net/paradox_prev/paradox/assets/images/logo/favourite_icon_3.svg]
[html.bdevs.net/paradox_prev/paradox/assets/images/logo/site_logo_white_2.svg]
[html.bdevs.net/paradox_prev/paradox/assets/images/icons/icon_globe_3.svg]
[html.bdevs.net/paradox_prev/paradox/assets/images/shapes/shape_star_smooth.svg]
[html.bdevs.net/paradox_prev/paradox/assets/images/shapes/shape_circle_6.svg]
[html.bdevs.net/paradox_prev/paradox/assets/images/shapes/vactor_map.svg]
[html.bdevs.net/paradox_prev/paradox/assets/images/banner/shape_banner_1.svg]
[html.bdevs.net/paradox_prev/paradox/assets/images/shapes/shape_10.svg]
[html.bdevs.net/paradox_prev/paradox/assets/images/shapes/shape_triangle_1.svg]
[html.bdevs.net/paradox_prev/paradox/assets/images/shapes/shape_triangle_2.svg]
[html.bdevs.net/paradox_prev/paradox/assets/images/icons/icon_development.svg]
[html.bdevs.net/paradox_prev/paradox/assets/images/icons/icon_flexibility.svg]
[html.bdevs.net/paradox_prev/paradox/assets/images/icons/icon_design.svg]
[html.bdevs.net/paradox_prev/paradox/assets/images/icons/icon_maintenance.svg]
[html.bdevs.net/paradox_prev/paradox/assets/images/shapes/shape_2.svg]
[html.bdevs.net/paradox_prev/paradox/assets/images/shapes/shape_3.svg]
[html.bdevs.net/paradox_prev/paradox/assets/images/shapes/shape_5.svg]
[html.bdevs.net/paradox_prev/paradox/assets/images/shapes/shape_4.svg]
[html.bdevs.net/paradox_prev/paradox/assets/images/shapes/shape_circle_7.svg]
[html.bdevs.net/paradox_prev/paradox/assets/images/icons/icon_arrow_down_right_white.svg]
[html.bdevs.net/paradox_prev/paradox/assets/images/shapes/shape_line_3.svg]
[html.bdevs.net/paradox_prev/paradox/assets/images/shapes/shape_6.svg]
[html.bdevs.net/paradox_prev/paradox/assets/images/icons/icon_users.svg]
[html.bdevs.net/paradox_prev/paradox/assets/images/icons/icon_love_handshake.svg]
[html.bdevs.net/paradox_prev/paradox/assets/images/banner/shape_banner_2.svg]
[html.bdevs.net/paradox_prev/paradox/assets/images/banner/shape_banner_3.svg]
[html.bdevs.net/paradox_prev/paradox/assets/images/shapes/shape_circle_1.svg]
[html.bdevs.net/paradox_prev/paradox/assets/images/shapes/shape_7.svg]
[html.bdevs.net/paradox_prev/paradox/assets/images/shapes/shape_color_1.svg]
[html.bdevs.net/paradox_prev/paradox/assets/images/icons/icon_code_5.svg]
[html.bdevs.net/paradox_prev/paradox/assets/images/icons/icon_arrow_down_right_dark_2.svg]
[html.bdevs.net/paradox_prev/paradox/assets/images/shapes/shape_color_2.svg]
[html.bdevs.net/paradox_prev/paradox/assets/images/icons/icon_house_2.svg]
[html.bdevs.net/paradox_prev/paradox/assets/images/shapes/shape_color_3.svg]
[html.bdevs.net/paradox_prev/paradox/assets/images/icons/icon_grid_2.svg]
[html.bdevs.net/paradox_prev/paradox/assets/images/shapes/shape_color_4.svg]
[html.bdevs.net/paradox_prev/paradox/assets/images/icons/icon_speaker.svg]
[html.bdevs.net/paradox_prev/paradox/assets/images/shapes/shape_color_5.svg]
[html.bdevs.net/paradox_prev/paradox/assets/images/icons/icon_camera_2.svg]
[html.bdevs.net/paradox_prev/paradox/assets/images/shapes/shape_color_6.svg]
[html.bdevs.net/paradox_prev/paradox/assets/images/icons/icon_code_4.svg]
[html.bdevs.net/paradox_prev/paradox/assets/images/shapes/shape_color_7.svg]
[html.bdevs.net/paradox_prev/paradox/assets/images/icons/icon_idea_3.svg]
[html.bdevs.net/paradox_prev/paradox/assets/images/shapes/shape_color_8.svg]
[html.bdevs.net/paradox_prev/paradox/assets/images/icons/icon_cog.svg]
[html.bdevs.net/paradox_prev/paradox/assets/images/shapes/shape_text_our_client.svg]
[html.bdevs.net/paradox_prev/paradox/assets/images/icons/icon_eye_primary.svg]
[html.bdevs.net/paradox_prev/paradox/assets/images/icons/icon_dart_board_primary.svg]
[html.bdevs.net/paradox_prev/paradox/assets/images/shapes/shape_line_flow.svg]
[html.bdevs.net/paradox_prev/paradox/assets/images/shapes/shape_8.svg]
[html.bdevs.net/paradox_prev/paradox/assets/images/icons/icon_team_white.svg]
[html.bdevs.net/paradox_prev/paradox/assets/images/icons/icon_comment_white.svg]
[html.bdevs.net/paradox_prev/paradox/assets/images/icons/icon_medal_white.svg]
[html.bdevs.net/paradox_prev/paradox/assets/images/shapes/shape_circle_dashed_1.svg]
[html.bdevs.net/paradox_prev/paradox/assets/images/shapes/shape_9.svg]
[html.bdevs.net/paradox_prev/paradox/assets/css/bootstrap.rtl.min.css]
[html.bdevs.net/paradox_prev/paradox/assets/images/shapes/shape_1.svg]
[html.bdevs.net/paradox_prev/paradox/assets/images/icons/icon_care_primary.svg]
[html.bdevs.net/paradox_prev/paradox/assets/images/icons/icon_together_primary.svg]
[html.bdevs.net/paradox_prev/paradox/assets/images/icons/icon_communication_primary.svg]
[html.bdevs.net/paradox_prev/paradox/assets/images/icons/icon_teaching_primary.svg]
[html.bdevs.net/paradox_prev/paradox/assets/images/icons/icon_arrow_down_left_dark.svg]
[html.bdevs.net/paradox_prev/paradox/assets/images/icons/icon_arrow_left_primary.svg]
[html.bdevs.net/paradox_prev/paradox/assets/images/icons/icon_arrow_right_primary.svg]
[html.bdevs.net/paradox_prev/paradox/assets/images/icons/icon_eye_white.svg]
[html.bdevs.net/paradox_prev/paradox/assets/images/icons/icon_dart_board_white.svg]
[html.bdevs.net/paradox_prev/paradox/assets/images/icons/icon_search_white.svg]
[html.bdevs.net/paradox_prev/paradox/assets/images/icons/icon_quote_primary.svg]
[html.bdevs.net/paradox_prev/paradox/src/js/index.html]
[html.bdevs.net/paradox_prev/paradox/node_modules/gsap/gsap-core.html]
[html.bdevs.net/paradox_prev/paradox/node_modules/gsap/CSSPlugin.html]
[html.bdevs.net/paradox_prev/paradox/true/index.html]
[html.bdevs.net/paradox_prev/paradox/node_modules/jquery/dist/jquery.html]
[html.bdevs.net/paradox_prev/paradox/node_modules/gsap/index.html]
[html.bdevs.net/paradox_prev/paradox/src/js/cursor.html]
[html.bdevs.net/paradox_prev/paradox/magnetic.html]
[html.bdevs.net/paradox_prev/paradox/assets/fonts/fa-light-300.ttf]
[html.bdevs.net/paradox_prev/paradox/assets/fonts/fa-duotone-900.ttf]
